
============================================================
Error in analyze_url_human: Exception: Playwright error while capturing https://example.com: NotImplementedError: 
Traceback:
Traceback (most recent call last):
  File "N:\nima-ai-marketing\api\services\page_capture.py", line 58, in capture_page_artifacts
    async with async_playwright() as p:
               ^^^^^^^^^^^^^^^^^^
  File "C:\Users\USER\AppData\Local\Programs\Python\Python312\Lib\site-packages\playwright\async_api\_context_manager.py", line 46, in __aenter__
    playwright = AsyncPlaywright(next(iter(done)).result())
                                 ^^^^^^^^^^^^^^^^^^^^^^^^^
  File "C:\Users\USER\AppData\Local\Programs\Python\Python312\Lib\site-packages\playwright\_impl\_transport.py", line 120, in connect
    self._proc = await asyncio.create_subprocess_exec(
                 ^^^^^^^^^^^^^^^^^^^^^^^^^^^^^^^^^^^^^
  File "C:\Users\USER\AppData\Local\Programs\Python\Python312\Lib\asyncio\subprocess.py", line 224, in create_subprocess_exec
    transport, protocol = await loop.subprocess_exec(
                          ^^^^^^^^^^^^^^^^^^^^^^^^^^^
  File "C:\Users\USER\AppData\Local\Programs\Python\Python312\Lib\asyncio\base_events.py", line 1756, in subprocess_exec
    transport = await self._make_subprocess_transport(
                ^^^^^^^^^^^^^^^^^^^^^^^^^^^^^^^^^^^^^^
  File "C:\Users\USER\AppData\Local\Programs\Python\Python312\Lib\asyncio\base_events.py", line 528, in _make_subprocess_transport
    raise NotImplementedError
NotImplementedError

The above exception was the direct cause of the following exception:

Traceback (most recent call last):
  File "N:\nima-ai-marketing\api\routes\analyze_url_human.py", line 117, in analyze_url_human
    capture = await capture_page_artifacts(str(payload.url))
              ^^^^^^^^^^^^^^^^^^^^^^^^^^^^^^^^^^^^^^^^^^^^^^
  File "N:\nima-ai-marketing\api\services\page_capture.py", line 95, in capture_page_artifacts
    raise Exception(error_msg) from e
Exception: Playwright error while capturing https://example.com: NotImplementedError: 

============================================================

============================================================
Error in analyze_url_human: Exception: Playwright error while capturing https://example.com: RuntimeError: Cannot run the event loop while another loop is running
Traceback:
Traceback (most recent call last):
  File "N:\nima-ai-marketing\api\services\page_capture.py", line 104, in capture_page_artifacts
    html, title, readable = await _capture_inner(url, atf_path, full_path, viewport)
                            ^^^^^^^^^^^^^^^^^^^^^^^^^^^^^^^^^^^^^^^^^^^^^^^^^^^^^^^^
  File "N:\nima-ai-marketing\api\services\page_capture.py", line 75, in _capture_inner
    return loop.run_until_complete(_run())
           ^^^^^^^^^^^^^^^^^^^^^^^^^^^^^^^
  File "C:\Users\USER\AppData\Local\Programs\Python\Python312\Lib\asyncio\base_events.py", line 667, in run_until_complete
    self._check_running()
  File "C:\Users\USER\AppData\Local\Programs\Python\Python312\Lib\asyncio\base_events.py", line 628, in _check_running
    raise RuntimeError(
RuntimeError: Cannot run the event loop while another loop is running

The above exception was the direct cause of the following exception:

Traceback (most recent call last):
  File "N:\nima-ai-marketing\api\routes\analyze_url_human.py", line 117, in analyze_url_human
    capture = await capture_page_artifacts(str(payload.url))
              ^^^^^^^^^^^^^^^^^^^^^^^^^^^^^^^^^^^^^^^^^^^^^^
  File "N:\nima-ai-marketing\api\services\page_capture.py", line 111, in capture_page_artifacts
    raise Exception(error_msg) from e
Exception: Playwright error while capturing https://example.com: RuntimeError: Cannot run the event loop while another loop is running

============================================================

============================================================
Error in analyze_url_human: Exception: Playwright error while capturing https://nimasaraeian.com/: TimeoutError: Page.goto: Timeout 30000ms exceeded.
Call log:
  - navigating to "https://nimasaraeian.com/", waiting until "domcontentloaded"

Traceback:
Traceback (most recent call last):
  File "N:\nima-ai-marketing\api\services\page_capture.py", line 98, in capture_page_artifacts
    html, title, readable = await loop.run_in_executor(
                            ^^^^^^^^^^^^^^^^^^^^^^^^^^^
  File "C:\Users\USER\AppData\Local\Programs\Python\Python312\Lib\concurrent\futures\thread.py", line 59, in run
    result = self.fn(*self.args, **self.kwargs)
             ^^^^^^^^^^^^^^^^^^^^^^^^^^^^^^^^^^
  File "N:\nima-ai-marketing\api\services\page_capture.py", line 45, in _capture_sync
    page.goto(url, wait_until="domcontentloaded", timeout=30000)
  File "C:\Users\USER\AppData\Local\Programs\Python\Python312\Lib\site-packages\playwright\sync_api\_generated.py", line 9019, in goto
    self._sync(
  File "C:\Users\USER\AppData\Local\Programs\Python\Python312\Lib\site-packages\playwright\_impl\_sync_base.py", line 115, in _sync
    return task.result()
           ^^^^^^^^^^^^^
  File "C:\Users\USER\AppData\Local\Programs\Python\Python312\Lib\site-packages\playwright\_impl\_page.py", line 556, in goto
    return await self._main_frame.goto(**locals_to_params(locals()))
           ^^^^^^^^^^^^^^^^^^^^^^^^^^^^^^^^^^^^^^^^^^^^^^^^^^^^^^^^^
  File "C:\Users\USER\AppData\Local\Programs\Python\Python312\Lib\site-packages\playwright\_impl\_frame.py", line 153, in goto
    await self._channel.send(
  File "C:\Users\USER\AppData\Local\Programs\Python\Python312\Lib\site-packages\playwright\_impl\_connection.py", line 69, in send
    return await self._connection.wrap_api_call(
           ^^^^^^^^^^^^^^^^^^^^^^^^^^^^^^^^^^^^^
  File "C:\Users\USER\AppData\Local\Programs\Python\Python312\Lib\site-packages\playwright\_impl\_connection.py", line 558, in wrap_api_call
    raise rewrite_error(error, f"{parsed_st['apiName']}: {error}") from None
playwright._impl._errors.TimeoutError: Page.goto: Timeout 30000ms exceeded.
Call log:
  - navigating to "https://nimasaraeian.com/", waiting until "domcontentloaded"


The above exception was the direct cause of the following exception:

Traceback (most recent call last):
  File "N:\nima-ai-marketing\api\routes\analyze_url_human.py", line 117, in analyze_url_human
    logger = logging.getLogger("analyze_url_human")
                  ^^^^^^^^^^^^^^^^^^^^^^^^^^^^^^^^^^
  File "N:\nima-ai-marketing\api\services\page_capture.py", line 109, in capture_page_artifacts
    raise Exception(error_msg) from e
Exception: Playwright error while capturing https://nimasaraeian.com/: TimeoutError: Page.goto: Timeout 30000ms exceeded.
Call log:
  - navigating to "https://nimasaraeian.com/", waiting until "domcontentloaded"


============================================================

============================================================
Error in analyze_url_human: Exception: Playwright error while capturing https://stripe.com/pricing: Error: Page.goto: net::ERR_TIMED_OUT at https://stripe.com/pricing
Call log:
  - navigating to "https://stripe.com/pricing", waiting until "domcontentloaded"

Traceback:
Traceback (most recent call last):
  File "N:\nima-ai-marketing\api\services\page_capture.py", line 140, in capture_page_artifacts
    except Exception as e:
                           
  File "C:\Users\USER\AppData\Local\Programs\Python\Python312\Lib\concurrent\futures\thread.py", line 59, in run
    result = self.fn(*self.args, **self.kwargs)
             ^^^^^^^^^^^^^^^^^^^^^^^^^^^^^^^^^^
  File "N:\nima-ai-marketing\api\services\page_capture.py", line 69, in _capture_sync
    page.goto(url, wait_until="domcontentloaded", timeout=DEFAULT_TIMEOUT_MS)
  File "C:\Users\USER\AppData\Local\Programs\Python\Python312\Lib\site-packages\playwright\sync_api\_generated.py", line 9019, in goto
    self._sync(
  File "C:\Users\USER\AppData\Local\Programs\Python\Python312\Lib\site-packages\playwright\_impl\_sync_base.py", line 115, in _sync
    return task.result()
           ^^^^^^^^^^^^^
  File "C:\Users\USER\AppData\Local\Programs\Python\Python312\Lib\site-packages\playwright\_impl\_page.py", line 556, in goto
    return await self._main_frame.goto(**locals_to_params(locals()))
           ^^^^^^^^^^^^^^^^^^^^^^^^^^^^^^^^^^^^^^^^^^^^^^^^^^^^^^^^^
  File "C:\Users\USER\AppData\Local\Programs\Python\Python312\Lib\site-packages\playwright\_impl\_frame.py", line 153, in goto
    await self._channel.send(
  File "C:\Users\USER\AppData\Local\Programs\Python\Python312\Lib\site-packages\playwright\_impl\_connection.py", line 69, in send
    return await self._connection.wrap_api_call(
           ^^^^^^^^^^^^^^^^^^^^^^^^^^^^^^^^^^^^^
  File "C:\Users\USER\AppData\Local\Programs\Python\Python312\Lib\site-packages\playwright\_impl\_connection.py", line 558, in wrap_api_call
    raise rewrite_error(error, f"{parsed_st['apiName']}: {error}") from None
playwright._impl._errors.Error: Page.goto: net::ERR_TIMED_OUT at https://stripe.com/pricing
Call log:
  - navigating to "https://stripe.com/pricing", waiting until "domcontentloaded"


The above exception was the direct cause of the following exception:

Traceback (most recent call last):
  File "N:\nima-ai-marketing\api\routes\analyze_url_human.py", line 139, in analyze_url_human
    capture = await capture_page_artifacts(str(payload.url))
              ^^^^^^^^^^^^^^^^^^^^^^^^^^^^^^^^^^^^^^^^^^^^^^
  File "N:\nima-ai-marketing\api\services\page_capture.py", line 151, in capture_page_artifacts
Exception: Playwright error while capturing https://stripe.com/pricing: Error: Page.goto: net::ERR_TIMED_OUT at https://stripe.com/pricing
Call log:
  - navigating to "https://stripe.com/pricing", waiting until "domcontentloaded"


============================================================

============================================================
Error in analyze_url_human: ValueError: not enough values to unpack (expected 4, got 2)
Traceback:
Traceback (most recent call last):
  File "N:\nima-ai-marketing\api\routes\analyze_url_human.py", line 139, in analyze_url_human
    logger.info("Starting page capture")
              ^^^^^^^^^^^^^^^^^^^^^^^^^^^
  File "N:\nima-ai-marketing\api\services\page_capture.py", line 240, in capture_page_artifacts
    transition: none !important;
ValueError: not enough values to unpack (expected 4, got 2)

============================================================

============================================================
Error in analyze_url_human: NameError: name 'decision_logic' is not defined
Traceback:
Traceback (most recent call last):
  File "N:\nima-ai-marketing\api\routes\analyze_url_human.py", line 444, in analyze_url_human
    "decisionLogicV1": decision_logic.dict(),  # Phase 2 decision logic (new)
                       ^^^^^^^^^^^^^^
NameError: name 'decision_logic' is not defined

============================================================

============================================================
Error in analyze_url_human: NameError: name 'decision_logic' is not defined
Traceback:
Traceback (most recent call last):
  File "N:\nima-ai-marketing\api\routes\analyze_url_human.py", line 444, in analyze_url_human
    response_data = {
                      
NameError: name 'decision_logic' is not defined

============================================================
